10:46:00 DEBUG : Logs will be stored at 'C:/PXL/devWorks/devWorks2/GPIOSOC/Vitis/IDE.log'.
10:46:05 INFO  : Platform repository initialization has completed.
10:46:05 INFO  : Launching XSCT server: xsct.bat -n  -interactive C:\PXL\devWorks\devWorks2\GPIOSOC\Vitis\temp_xsdb_launch_script.tcl
10:46:05 INFO  : Registering command handlers for Vitis TCF services
10:46:05 ERROR : (XSDB Server)'\gnu\microblaze\lin\bin\' is not recognized as an internal or external command,
operable program or batch file.

10:46:05 ERROR : (XSDB Server)'\gnu\microblaze\nt\bin\' is not recognized as an internal or external command,
operable program or batch file.
'\gnuwin\bin\' is not recognized as an internal or external command,
operable program or batch file.

10:46:08 INFO  : XSCT server has started successfully.
10:46:08 INFO  : plnx-install-location is set to ''
10:46:08 INFO  : Successfully done setting XSCT server connection channel  
10:46:08 INFO  : Successfully done query RDI_DATADIR 
10:46:08 INFO  : Successfully done setting workspace for the tool. 
10:47:32 INFO  : Result from executing command 'getProjects': GPIOSOC
10:47:32 INFO  : Result from executing command 'getPlatforms': 
10:47:32 WARN  : An unexpected exception occurred in the module 'platform project logging'
10:47:32 INFO  : Platform 'GPIOSOC' is added to custom repositories.
10:47:41 INFO  : Platform 'GPIOSOC' is added to custom repositories.
10:48:19 INFO  : Result from executing command 'getProjects': GPIOSOC
10:48:20 INFO  : Result from executing command 'getPlatforms': GPIOSOC|C:/PXL/devWorks/devWorks2/GPIOSOC/Vitis/GPIOSOC/export/GPIOSOC/GPIOSOC.xpfm
10:51:23 INFO  : Result from executing command 'getProjects': GPIOSOC
10:51:23 INFO  : Result from executing command 'getPlatforms': GPIOSOC|C:/PXL/devWorks/devWorks2/GPIOSOC/Vitis/GPIOSOC/export/GPIOSOC/GPIOSOC.xpfm
10:51:23 INFO  : Checking for BSP changes to sync application flags for project 'GPIO_SOC'...
10:51:36 INFO  : Connected to target on host '127.0.0.1' and port '3121'.
10:51:38 INFO  : Jtag cable 'Xilinx HW-FTDI-TEST FT2232H 1234-tulA' is selected.
10:51:38 INFO  : 'jtag frequency' command is executed.
10:51:38 INFO  : Context for 'APU' is selected.
10:51:38 INFO  : System reset is completed.
10:51:41 INFO  : 'after 3000' command is executed.
10:51:41 INFO  : 'targets -set -filter {jtag_cable_name =~ "Xilinx HW-FTDI-TEST FT2232H 1234-tulA" && level==0 && jtag_device_ctx=="jsn-HW-FTDI-TEST FT2232H-1234-tulA-23727093-0"}' command is executed.
10:51:43 INFO  : Device configured successfully with "C:/PXL/devWorks/devWorks2/GPIOSOC/Vitis/GPIO_SOC/_ide/bitstream/GPIOSOC.bit"
10:51:44 INFO  : Context for 'APU' is selected.
10:51:44 INFO  : Hardware design and registers information is loaded from 'C:/PXL/devWorks/devWorks2/GPIOSOC/Vitis/GPIOSOC/export/GPIOSOC/hw/GPIOSOC.xsa'.
10:51:44 INFO  : 'configparams force-mem-access 1' command is executed.
10:51:44 INFO  : Context for 'APU' is selected.
10:51:44 INFO  : Sourcing of 'C:/PXL/devWorks/devWorks2/GPIOSOC/Vitis/GPIO_SOC/_ide/psinit/ps7_init.tcl' is done.
10:51:44 INFO  : 'ps7_init' command is executed.
10:51:44 INFO  : 'ps7_post_config' command is executed.
10:51:44 INFO  : Context for processor 'ps7_cortexa9_0' is selected.
10:51:44 INFO  : The application 'C:/PXL/devWorks/devWorks2/GPIOSOC/Vitis/GPIO_SOC/Debug/GPIO_SOC.elf' is downloaded to processor 'ps7_cortexa9_0'.
10:51:44 INFO  : 'configparams force-mem-access 0' command is executed.
10:51:44 INFO  : ----------------XSDB Script----------------
connect -url tcp:127.0.0.1:3121
targets -set -nocase -filter {name =~"APU*"}
rst -system
after 3000
targets -set -filter {jtag_cable_name =~ "Xilinx HW-FTDI-TEST FT2232H 1234-tulA" && level==0 && jtag_device_ctx=="jsn-HW-FTDI-TEST FT2232H-1234-tulA-23727093-0"}
fpga -file C:/PXL/devWorks/devWorks2/GPIOSOC/Vitis/GPIO_SOC/_ide/bitstream/GPIOSOC.bit
targets -set -nocase -filter {name =~"APU*"}
loadhw -hw C:/PXL/devWorks/devWorks2/GPIOSOC/Vitis/GPIOSOC/export/GPIOSOC/hw/GPIOSOC.xsa -mem-ranges [list {0x40000000 0xbfffffff}] -regs
configparams force-mem-access 1
targets -set -nocase -filter {name =~"APU*"}
source C:/PXL/devWorks/devWorks2/GPIOSOC/Vitis/GPIO_SOC/_ide/psinit/ps7_init.tcl
ps7_init
ps7_post_config
targets -set -nocase -filter {name =~ "*A9*#0"}
dow C:/PXL/devWorks/devWorks2/GPIOSOC/Vitis/GPIO_SOC/Debug/GPIO_SOC.elf
configparams force-mem-access 0
----------------End of Script----------------

10:51:44 INFO  : Context for processor 'ps7_cortexa9_0' is selected.
10:51:44 INFO  : 'con' command is executed.
10:51:44 INFO  : ----------------XSDB Script (After Launch)----------------
targets -set -nocase -filter {name =~ "*A9*#0"}
con
----------------End of Script----------------

10:51:44 INFO  : Launch script is exported to file 'C:\PXL\devWorks\devWorks2\GPIOSOC\Vitis\GPIO_SOC_system\_ide\scripts\debugger_gpio_soc-default.tcl'
10:52:22 INFO  : Disconnected from the channel tcfchan#3.
10:52:23 INFO  : Connected to target on host '127.0.0.1' and port '3121'.
10:52:32 INFO  : ----------------XSDB Script----------------
connect -url tcp:127.0.0.1:3121
----------------End of Script----------------

10:52:32 ERROR : Could not find ARM device on the board for connection 'Local'.
Check if the target is in:
1. Split JTAG - No operations are possible with ARM DAP.
2. Non JTAG bootmode - Bootrom may need time to enable DAP.
Please try again.


Troubleshooting hints:
1. Check whether board is connected to system properly.
2. In case of zynq board, check whether Digilent/Xilinx cable switch settings are correct.
3. If you are using Xilinx Platform Cable USB, ensure that status LED is green.
10:52:59 INFO  : Connected to target on host '127.0.0.1' and port '3121'.
10:52:59 INFO  : Jtag cable 'Xilinx HW-FTDI-TEST FT2232H 1234-tulA' is selected.
10:52:59 INFO  : 'jtag frequency' command is executed.
10:52:59 INFO  : Context for 'APU' is selected.
10:52:59 INFO  : System reset is completed.
10:53:02 INFO  : 'after 3000' command is executed.
10:53:03 INFO  : 'targets -set -filter {jtag_cable_name =~ "Xilinx HW-FTDI-TEST FT2232H 1234-tulA" && level==0 && jtag_device_ctx=="jsn-HW-FTDI-TEST FT2232H-1234-tulA-23727093-0"}' command is executed.
10:53:05 INFO  : Device configured successfully with "C:/PXL/devWorks/devWorks2/GPIOSOC/Vitis/GPIO_SOC/_ide/bitstream/GPIOSOC.bit"
10:53:05 INFO  : Context for 'APU' is selected.
10:53:05 INFO  : Hardware design and registers information is loaded from 'C:/PXL/devWorks/devWorks2/GPIOSOC/Vitis/GPIOSOC/export/GPIOSOC/hw/GPIOSOC.xsa'.
10:53:05 INFO  : 'configparams force-mem-access 1' command is executed.
10:53:05 INFO  : Context for 'APU' is selected.
10:53:05 INFO  : Sourcing of 'C:/PXL/devWorks/devWorks2/GPIOSOC/Vitis/GPIO_SOC/_ide/psinit/ps7_init.tcl' is done.
10:53:05 INFO  : 'ps7_init' command is executed.
10:53:05 INFO  : 'ps7_post_config' command is executed.
10:53:05 INFO  : Context for processor 'ps7_cortexa9_0' is selected.
10:53:05 INFO  : The application 'C:/PXL/devWorks/devWorks2/GPIOSOC/Vitis/GPIO_SOC/Debug/GPIO_SOC.elf' is downloaded to processor 'ps7_cortexa9_0'.
10:53:05 INFO  : 'configparams force-mem-access 0' command is executed.
10:53:05 INFO  : ----------------XSDB Script----------------
connect -url tcp:127.0.0.1:3121
targets -set -nocase -filter {name =~"APU*"}
rst -system
after 3000
targets -set -filter {jtag_cable_name =~ "Xilinx HW-FTDI-TEST FT2232H 1234-tulA" && level==0 && jtag_device_ctx=="jsn-HW-FTDI-TEST FT2232H-1234-tulA-23727093-0"}
fpga -file C:/PXL/devWorks/devWorks2/GPIOSOC/Vitis/GPIO_SOC/_ide/bitstream/GPIOSOC.bit
targets -set -nocase -filter {name =~"APU*"}
loadhw -hw C:/PXL/devWorks/devWorks2/GPIOSOC/Vitis/GPIOSOC/export/GPIOSOC/hw/GPIOSOC.xsa -mem-ranges [list {0x40000000 0xbfffffff}] -regs
configparams force-mem-access 1
targets -set -nocase -filter {name =~"APU*"}
source C:/PXL/devWorks/devWorks2/GPIOSOC/Vitis/GPIO_SOC/_ide/psinit/ps7_init.tcl
ps7_init
ps7_post_config
targets -set -nocase -filter {name =~ "*A9*#0"}
dow C:/PXL/devWorks/devWorks2/GPIOSOC/Vitis/GPIO_SOC/Debug/GPIO_SOC.elf
configparams force-mem-access 0
----------------End of Script----------------

10:53:06 INFO  : Context for processor 'ps7_cortexa9_0' is selected.
10:53:06 INFO  : 'con' command is executed.
10:53:06 INFO  : ----------------XSDB Script (After Launch)----------------
targets -set -nocase -filter {name =~ "*A9*#0"}
con
----------------End of Script----------------

10:53:06 INFO  : Launch script is exported to file 'C:\PXL\devWorks\devWorks2\GPIOSOC\Vitis\GPIO_SOC_system\_ide\scripts\debugger_gpio_soc-default.tcl'
10:53:13 INFO  : Disconnected from the channel tcfchan#4.
10:53:14 INFO  : Connected to target on host '127.0.0.1' and port '3121'.
10:53:14 INFO  : Jtag cable 'Xilinx HW-FTDI-TEST FT2232H 1234-tulA' is selected.
10:53:14 INFO  : 'jtag frequency' command is executed.
10:53:14 INFO  : Context for 'APU' is selected.
10:53:14 INFO  : System reset is completed.
10:53:17 INFO  : 'after 3000' command is executed.
10:53:18 INFO  : 'targets -set -filter {jtag_cable_name =~ "Xilinx HW-FTDI-TEST FT2232H 1234-tulA" && level==0 && jtag_device_ctx=="jsn-HW-FTDI-TEST FT2232H-1234-tulA-23727093-0"}' command is executed.
10:53:20 INFO  : Device configured successfully with "C:/PXL/devWorks/devWorks2/GPIOSOC/Vitis/GPIO_SOC/_ide/bitstream/GPIOSOC.bit"
10:53:20 INFO  : Context for 'APU' is selected.
10:53:20 INFO  : Hardware design and registers information is loaded from 'C:/PXL/devWorks/devWorks2/GPIOSOC/Vitis/GPIOSOC/export/GPIOSOC/hw/GPIOSOC.xsa'.
10:53:20 INFO  : 'configparams force-mem-access 1' command is executed.
10:53:20 INFO  : Context for 'APU' is selected.
10:53:20 INFO  : Sourcing of 'C:/PXL/devWorks/devWorks2/GPIOSOC/Vitis/GPIO_SOC/_ide/psinit/ps7_init.tcl' is done.
10:53:20 INFO  : 'ps7_init' command is executed.
10:53:20 INFO  : 'ps7_post_config' command is executed.
10:53:20 INFO  : Context for processor 'ps7_cortexa9_0' is selected.
10:53:20 INFO  : The application 'C:/PXL/devWorks/devWorks2/GPIOSOC/Vitis/GPIO_SOC/Debug/GPIO_SOC.elf' is downloaded to processor 'ps7_cortexa9_0'.
10:53:20 INFO  : 'configparams force-mem-access 0' command is executed.
10:53:20 INFO  : ----------------XSDB Script----------------
connect -url tcp:127.0.0.1:3121
targets -set -nocase -filter {name =~"APU*"}
rst -system
after 3000
targets -set -filter {jtag_cable_name =~ "Xilinx HW-FTDI-TEST FT2232H 1234-tulA" && level==0 && jtag_device_ctx=="jsn-HW-FTDI-TEST FT2232H-1234-tulA-23727093-0"}
fpga -file C:/PXL/devWorks/devWorks2/GPIOSOC/Vitis/GPIO_SOC/_ide/bitstream/GPIOSOC.bit
targets -set -nocase -filter {name =~"APU*"}
loadhw -hw C:/PXL/devWorks/devWorks2/GPIOSOC/Vitis/GPIOSOC/export/GPIOSOC/hw/GPIOSOC.xsa -mem-ranges [list {0x40000000 0xbfffffff}] -regs
configparams force-mem-access 1
targets -set -nocase -filter {name =~"APU*"}
source C:/PXL/devWorks/devWorks2/GPIOSOC/Vitis/GPIO_SOC/_ide/psinit/ps7_init.tcl
ps7_init
ps7_post_config
targets -set -nocase -filter {name =~ "*A9*#0"}
dow C:/PXL/devWorks/devWorks2/GPIOSOC/Vitis/GPIO_SOC/Debug/GPIO_SOC.elf
configparams force-mem-access 0
----------------End of Script----------------

10:53:21 INFO  : Context for processor 'ps7_cortexa9_0' is selected.
10:53:21 INFO  : 'con' command is executed.
10:53:21 INFO  : ----------------XSDB Script (After Launch)----------------
targets -set -nocase -filter {name =~ "*A9*#0"}
con
----------------End of Script----------------

10:53:21 INFO  : Launch script is exported to file 'C:\PXL\devWorks\devWorks2\GPIOSOC\Vitis\GPIO_SOC_system\_ide\scripts\debugger_gpio_soc-default.tcl'
10:58:00 INFO  : Checking for BSP changes to sync application flags for project 'GPIO_SOC'...
10:59:59 INFO  : Disconnected from the channel tcfchan#5.
11:00:00 INFO  : Connected to target on host '127.0.0.1' and port '3121'.
11:00:00 INFO  : Jtag cable 'Xilinx HW-FTDI-TEST FT2232H 1234-tulA' is selected.
11:00:00 ERROR : port closed
11:00:00 INFO  : ----------------XSDB Script----------------
connect -url tcp:127.0.0.1:3121
----------------End of Script----------------

11:00:00 ERROR : port closed
11:00:15 INFO  : Connected to target on host '127.0.0.1' and port '3121'.
11:00:15 INFO  : Jtag cable 'Xilinx HW-FTDI-TEST FT2232H 1234-tulA' is selected.
11:00:15 INFO  : 'jtag frequency' command is executed.
11:00:15 INFO  : Context for 'APU' is selected.
11:00:15 INFO  : System reset is completed.
11:00:18 INFO  : 'after 3000' command is executed.
11:00:18 INFO  : 'targets -set -filter {jtag_cable_name =~ "Xilinx HW-FTDI-TEST FT2232H 1234-tulA" && level==0 && jtag_device_ctx=="jsn-HW-FTDI-TEST FT2232H-1234-tulA-23727093-0"}' command is executed.
11:00:20 INFO  : Device configured successfully with "C:/PXL/devWorks/devWorks2/GPIOSOC/Vitis/GPIO_SOC/_ide/bitstream/GPIOSOC.bit"
11:00:20 INFO  : Context for 'APU' is selected.
11:00:20 INFO  : Hardware design and registers information is loaded from 'C:/PXL/devWorks/devWorks2/GPIOSOC/Vitis/GPIOSOC/export/GPIOSOC/hw/GPIOSOC.xsa'.
11:00:20 INFO  : 'configparams force-mem-access 1' command is executed.
11:00:21 INFO  : Context for 'APU' is selected.
11:00:21 INFO  : Sourcing of 'C:/PXL/devWorks/devWorks2/GPIOSOC/Vitis/GPIO_SOC/_ide/psinit/ps7_init.tcl' is done.
11:00:21 INFO  : 'ps7_init' command is executed.
11:00:21 INFO  : 'ps7_post_config' command is executed.
11:00:21 INFO  : Context for processor 'ps7_cortexa9_0' is selected.
11:00:21 INFO  : The application 'C:/PXL/devWorks/devWorks2/GPIOSOC/Vitis/GPIO_SOC/Debug/GPIO_SOC.elf' is downloaded to processor 'ps7_cortexa9_0'.
11:00:21 INFO  : 'configparams force-mem-access 0' command is executed.
11:00:21 INFO  : ----------------XSDB Script----------------
connect -url tcp:127.0.0.1:3121
targets -set -nocase -filter {name =~"APU*"}
rst -system
after 3000
targets -set -filter {jtag_cable_name =~ "Xilinx HW-FTDI-TEST FT2232H 1234-tulA" && level==0 && jtag_device_ctx=="jsn-HW-FTDI-TEST FT2232H-1234-tulA-23727093-0"}
fpga -file C:/PXL/devWorks/devWorks2/GPIOSOC/Vitis/GPIO_SOC/_ide/bitstream/GPIOSOC.bit
targets -set -nocase -filter {name =~"APU*"}
loadhw -hw C:/PXL/devWorks/devWorks2/GPIOSOC/Vitis/GPIOSOC/export/GPIOSOC/hw/GPIOSOC.xsa -mem-ranges [list {0x40000000 0xbfffffff}] -regs
configparams force-mem-access 1
targets -set -nocase -filter {name =~"APU*"}
source C:/PXL/devWorks/devWorks2/GPIOSOC/Vitis/GPIO_SOC/_ide/psinit/ps7_init.tcl
ps7_init
ps7_post_config
targets -set -nocase -filter {name =~ "*A9*#0"}
dow C:/PXL/devWorks/devWorks2/GPIOSOC/Vitis/GPIO_SOC/Debug/GPIO_SOC.elf
configparams force-mem-access 0
----------------End of Script----------------

11:00:21 INFO  : Context for processor 'ps7_cortexa9_0' is selected.
11:00:21 INFO  : 'con' command is executed.
11:00:21 INFO  : ----------------XSDB Script (After Launch)----------------
targets -set -nocase -filter {name =~ "*A9*#0"}
con
----------------End of Script----------------

11:00:21 INFO  : Launch script is exported to file 'C:\PXL\devWorks\devWorks2\GPIOSOC\Vitis\GPIO_SOC_system\_ide\scripts\debugger_gpio_soc-default.tcl'
11:00:59 INFO  : Disconnected from the channel tcfchan#6.
11:01:00 INFO  : Connected to target on host '127.0.0.1' and port '3121'.
11:01:10 INFO  : ----------------XSDB Script----------------
connect -url tcp:127.0.0.1:3121
----------------End of Script----------------

11:01:10 ERROR : Could not find ARM device on the board for connection 'Local'.
Check if the target is in:
1. Split JTAG - No operations are possible with ARM DAP.
2. Non JTAG bootmode - Bootrom may need time to enable DAP.
Please try again.


Troubleshooting hints:
1. Check whether board is connected to system properly.
2. In case of zynq board, check whether Digilent/Xilinx cable switch settings are correct.
3. If you are using Xilinx Platform Cable USB, ensure that status LED is green.
11:01:17 INFO  : Connected to target on host '127.0.0.1' and port '3121'.
11:01:18 INFO  : Jtag cable 'Xilinx HW-FTDI-TEST FT2232H 1234-tulA' is selected.
11:01:18 INFO  : 'jtag frequency' command is executed.
11:01:18 INFO  : Context for 'APU' is selected.
11:01:18 INFO  : System reset is completed.
11:01:21 INFO  : 'after 3000' command is executed.
11:01:21 INFO  : 'targets -set -filter {jtag_cable_name =~ "Xilinx HW-FTDI-TEST FT2232H 1234-tulA" && level==0 && jtag_device_ctx=="jsn-HW-FTDI-TEST FT2232H-1234-tulA-23727093-0"}' command is executed.
11:01:23 INFO  : Device configured successfully with "C:/PXL/devWorks/devWorks2/GPIOSOC/Vitis/GPIO_SOC/_ide/bitstream/GPIOSOC.bit"
11:01:23 INFO  : Context for 'APU' is selected.
11:01:23 INFO  : Hardware design and registers information is loaded from 'C:/PXL/devWorks/devWorks2/GPIOSOC/Vitis/GPIOSOC/export/GPIOSOC/hw/GPIOSOC.xsa'.
11:01:23 INFO  : 'configparams force-mem-access 1' command is executed.
11:01:23 INFO  : Context for 'APU' is selected.
11:01:23 INFO  : Sourcing of 'C:/PXL/devWorks/devWorks2/GPIOSOC/Vitis/GPIO_SOC/_ide/psinit/ps7_init.tcl' is done.
11:01:23 INFO  : 'ps7_init' command is executed.
11:01:23 INFO  : 'ps7_post_config' command is executed.
11:01:23 INFO  : Context for processor 'ps7_cortexa9_0' is selected.
11:01:24 INFO  : The application 'C:/PXL/devWorks/devWorks2/GPIOSOC/Vitis/GPIO_SOC/Debug/GPIO_SOC.elf' is downloaded to processor 'ps7_cortexa9_0'.
11:01:24 INFO  : 'configparams force-mem-access 0' command is executed.
11:01:24 INFO  : ----------------XSDB Script----------------
connect -url tcp:127.0.0.1:3121
targets -set -nocase -filter {name =~"APU*"}
rst -system
after 3000
targets -set -filter {jtag_cable_name =~ "Xilinx HW-FTDI-TEST FT2232H 1234-tulA" && level==0 && jtag_device_ctx=="jsn-HW-FTDI-TEST FT2232H-1234-tulA-23727093-0"}
fpga -file C:/PXL/devWorks/devWorks2/GPIOSOC/Vitis/GPIO_SOC/_ide/bitstream/GPIOSOC.bit
targets -set -nocase -filter {name =~"APU*"}
loadhw -hw C:/PXL/devWorks/devWorks2/GPIOSOC/Vitis/GPIOSOC/export/GPIOSOC/hw/GPIOSOC.xsa -mem-ranges [list {0x40000000 0xbfffffff}] -regs
configparams force-mem-access 1
targets -set -nocase -filter {name =~"APU*"}
source C:/PXL/devWorks/devWorks2/GPIOSOC/Vitis/GPIO_SOC/_ide/psinit/ps7_init.tcl
ps7_init
ps7_post_config
targets -set -nocase -filter {name =~ "*A9*#0"}
dow C:/PXL/devWorks/devWorks2/GPIOSOC/Vitis/GPIO_SOC/Debug/GPIO_SOC.elf
configparams force-mem-access 0
----------------End of Script----------------

11:01:24 INFO  : Context for processor 'ps7_cortexa9_0' is selected.
11:01:24 INFO  : 'con' command is executed.
11:01:24 INFO  : ----------------XSDB Script (After Launch)----------------
targets -set -nocase -filter {name =~ "*A9*#0"}
con
----------------End of Script----------------

11:01:24 INFO  : Launch script is exported to file 'C:\PXL\devWorks\devWorks2\GPIOSOC\Vitis\GPIO_SOC_system\_ide\scripts\debugger_gpio_soc-default.tcl'
11:28:01 INFO  : Disconnected from the channel tcfchan#7.
