#-----------------------------------------------------------
# Vivado v2024.1.2 (64-bit)
# SW Build 5164865 on Thu Sep  5 14:37:11 MDT 2024
# IP Build 5164407 on Fri Sep  6 08:18:11 MDT 2024
# SharedData Build 5164864 on Thu Sep 05 13:09:09 MDT 2024
# Start of session at: Mon Mar 24 09:06:49 2025
# Process ID: 9620
# Current directory: C:/PXL/devWorks/devWorks2/AXI_IP_SOC/AXI_IP_SOC.runs/impl_1
# Command line: vivado.exe -log design_1_wrapper.vdi -applog -product Vivado -messageDb vivado.pb -mode batch -source design_1_wrapper.tcl -notrace
# Log file: C:/PXL/devWorks/devWorks2/AXI_IP_SOC/AXI_IP_SOC.runs/impl_1/design_1_wrapper.vdi
# Journal file: C:/PXL/devWorks/devWorks2/AXI_IP_SOC/AXI_IP_SOC.runs/impl_1\vivado.jou
# Running On        :Bowen-Laptop
# Platform          :Windows Server 2016 or Windows 10
# Operating System  :26100
# Processor Detail  :Snapdragon(R) X Plus - X1P42100 - Qualcomm(R) Oryon(TM) CPU
# CPU Frequency     :2976 MHz
# CPU Physical cores:8
# CPU Logical cores :8
# Host memory       :16759 MB
# Swap memory       :1073 MB
# Total Virtual     :17832 MB
# Available Virtual :5522 MB
#-----------------------------------------------------------
source design_1_wrapper.tcl -notrace
