10:50:49 DEBUG : Logs will be stored at 'C:/PXL/devWorks/devWorks2/Custom_AXI_IP_7Segment/vitis/IDE.log'.
10:51:16 INFO  : Platform repository initialization has completed.
10:51:16 INFO  : Launching XSCT server: xsct.bat -n  -interactive C:\PXL\devWorks\devWorks2\Custom_AXI_IP_7Segment\vitis\temp_xsdb_launch_script.tcl
10:51:16 INFO  : Registering command handlers for Vitis TCF services
10:51:16 ERROR : (XSDB Server)'\gnu\microblaze\lin\bin\' is not recognized as an internal or external command,
operable program or batch file.

10:51:16 ERROR : (XSDB Server)'\gnu\microblaze\nt\bin\' is not recognized as an internal or external command,
operable program or batch file.
'\gnuwin\bin\' is not recognized as an internal or external command,
operable program or batch file.

10:51:19 INFO  : XSCT server has started successfully.
10:51:19 INFO  : plnx-install-location is set to ''
10:51:21 INFO  : Successfully done setting XSCT server connection channel  
10:51:21 INFO  : Successfully done query RDI_DATADIR 
10:51:21 INFO  : Successfully done setting workspace for the tool. 
10:54:05 INFO  : Result from executing command 'getProjects': 7Segment_display
10:54:06 INFO  : Result from executing command 'getPlatforms': 
10:54:06 WARN  : An unexpected exception occurred in the module 'platform project logging'
10:54:06 INFO  : Platform '7Segment_display' is added to custom repositories.
10:54:18 INFO  : Platform '7Segment_display' is added to custom repositories.
10:55:47 INFO  : Checking for BSP changes to sync application flags for project 'AXI_7segment_display_APP'...
10:55:47 INFO  : Result from executing command 'getProjects': 7Segment_display;AXI_7segment_display_APP;AXI_7segment_display_APP_system;RemoteSystemsTempFiles
10:55:47 WARN  : Failed to closehw "C:/PXL/devWorks/devWorks2/Custom_AXI_IP_7Segment/vitis/7Segment_display/export/7Segment_display/hw/7Segment_display.xsa"
Reason: C:/PXL/devWorks/devWorks2/Custom_AXI_IP_7Segment/vitis/7Segment_display/export/7Segment_display/hw/7Segment_display.xsa is not available in the current workspace
use 'getprojects' command to see list of available projects in current workspace
10:55:47 INFO  : Result from executing command 'getProjects': 7Segment_display;AXI_7segment_display_APP;AXI_7segment_display_APP_system;RemoteSystemsTempFiles
10:55:47 ERROR : Failed to openhw "C:/PXL/devWorks/devWorks2/Custom_AXI_IP_7Segment/vitis/7Segment_display/export/7Segment_display/hw/7Segment_display.xsa"
Reason: C:/PXL/devWorks/devWorks2/Custom_AXI_IP_7Segment/vitis/7Segment_display/export/7Segment_display/hw/7Segment_display.xsa is not available in the current workspace
use 'getprojects' command to see list of available projects in current workspace
10:55:47 ERROR : Failed to update application flags from BSP for 'AXI_7segment_display_APP'. Reason: null
java.lang.NullPointerException: null
	at com.xilinx.sdx.sw.internal.SDxSwPlatform.<init>(SDxSwPlatform.java:305) ~[com.xilinx.sdx.sw_1.0.0.202406140522.jar:?]
	at com.xilinx.sdx.sw.internal.SDxSwPlatform.create(SDxSwPlatform.java:214) ~[com.xilinx.sdx.sw_1.0.0.202406140522.jar:?]
	at com.xilinx.sdx.sdk.core.util.SdkPlatformHelper.getSwPlatform(SdkPlatformHelper.java:64) ~[com.xilinx.sdx.sdk.core_1.0.0.202406140522.jar:?]
	at com.xilinx.sdx.sdk.core.build.SdkMakefileGenerationListener.getSwPlatform(SdkMakefileGenerationListener.java:160) ~[com.xilinx.sdx.sdk.core_1.0.0.202406140522.jar:?]
	at com.xilinx.sdx.sdk.core.build.SdkMakefileGenerationListener.syncAppFlags(SdkMakefileGenerationListener.java:78) [com.xilinx.sdx.sdk.core_1.0.0.202406140522.jar:?]
	at com.xilinx.sdx.sdk.core.build.SdkMakefileGenerationListener.preMakefileGeneration(SdkMakefileGenerationListener.java:48) [com.xilinx.sdx.sdk.core_1.0.0.202406140522.jar:?]
	at com.xilinx.sdk.managedbuilder.XilinxGnuMakefileGenerator.notifyPreMakefileGenerationListeners(XilinxGnuMakefileGenerator.java:91) [com.xilinx.sdk.managedbuilder_1.0.0.202406140522.jar:?]
	at com.xilinx.sdk.managedbuilder.XilinxGnuMakefileGenerator.regenerateMakefiles(XilinxGnuMakefileGenerator.java:75) [com.xilinx.sdk.managedbuilder_1.0.0.202406140522.jar:?]
	at org.eclipse.cdt.managedbuilder.internal.core.CommonBuilder.performMakefileGeneration(CommonBuilder.java:1006) [org.eclipse.cdt.managedbuilder.core_8.6.0.201802261533.jar:?]
	at org.eclipse.cdt.managedbuilder.internal.core.CommonBuilder.performPrebuildGeneration(CommonBuilder.java:873) [org.eclipse.cdt.managedbuilder.core_8.6.0.201802261533.jar:?]
	at org.eclipse.cdt.managedbuilder.internal.core.CommonBuilder.build(CommonBuilder.java:748) [org.eclipse.cdt.managedbuilder.core_8.6.0.201802261533.jar:?]
	at org.eclipse.cdt.managedbuilder.internal.core.CommonBuilder.build(CommonBuilder.java:513) [org.eclipse.cdt.managedbuilder.core_8.6.0.201802261533.jar:?]
	at org.eclipse.cdt.managedbuilder.internal.core.CommonBuilder.build(CommonBuilder.java:459) [org.eclipse.cdt.managedbuilder.core_8.6.0.201802261533.jar:?]
	at org.eclipse.core.internal.events.BuildManager$2.run(BuildManager.java:832) [org.eclipse.core.resources_3.13.700.v20200209-1624.jar:?]
	at org.eclipse.core.runtime.SafeRunner.run(SafeRunner.java:45) [org.eclipse.equinox.common_3.11.0.v20200206-0817.jar:?]
	at org.eclipse.core.internal.events.BuildManager.basicBuild(BuildManager.java:220) [org.eclipse.core.resources_3.13.700.v20200209-1624.jar:?]
	at org.eclipse.core.internal.events.BuildManager.basicBuild(BuildManager.java:263) [org.eclipse.core.resources_3.13.700.v20200209-1624.jar:?]
	at org.eclipse.core.internal.events.BuildManager$1.run(BuildManager.java:316) [org.eclipse.core.resources_3.13.700.v20200209-1624.jar:?]
	at org.eclipse.core.runtime.SafeRunner.run(SafeRunner.java:45) [org.eclipse.equinox.common_3.11.0.v20200206-0817.jar:?]
	at org.eclipse.core.internal.events.BuildManager.basicBuild(BuildManager.java:319) [org.eclipse.core.resources_3.13.700.v20200209-1624.jar:?]
	at org.eclipse.core.internal.events.BuildManager.basicBuildLoop(BuildManager.java:371) [org.eclipse.core.resources_3.13.700.v20200209-1624.jar:?]
	at org.eclipse.core.internal.events.BuildManager.build(BuildManager.java:392) [org.eclipse.core.resources_3.13.700.v20200209-1624.jar:?]
	at org.eclipse.core.internal.resources.Workspace.buildInternal(Workspace.java:515) [org.eclipse.core.resources_3.13.700.v20200209-1624.jar:?]
	at org.eclipse.core.internal.resources.Workspace.build(Workspace.java:412) [org.eclipse.core.resources_3.13.700.v20200209-1624.jar:?]
	at org.eclipse.ui.actions.BuildAction$1.runInWorkspace(BuildAction.java:291) [org.eclipse.ui.ide_3.17.0.v20200217-1511.jar:?]
	at org.eclipse.core.internal.resources.InternalWorkspaceJob.run(InternalWorkspaceJob.java:42) [org.eclipse.core.resources_3.13.700.v20200209-1624.jar:?]
	at org.eclipse.core.internal.jobs.Worker.run(Worker.java:63) [org.eclipse.core.jobs_3.10.700.v20200106-1020.jar:?]
10:55:48 ERROR : Failed to compute checksum of hardware specification file used by project 'AXI_7segment_display_APP'
10:55:48 INFO  : Result from executing command 'getProjects': 7Segment_display;AXI_7segment_display_APP;AXI_7segment_display_APP_system;RemoteSystemsTempFiles
10:55:48 ERROR : Failed to openhw "C:/PXL/devWorks/devWorks2/Custom_AXI_IP_7Segment/vitis/7Segment_display/export/7Segment_display/hw/7Segment_display.xsa"
Reason: C:/PXL/devWorks/devWorks2/Custom_AXI_IP_7Segment/vitis/7Segment_display/export/7Segment_display/hw/7Segment_display.xsa is not available in the current workspace
use 'getprojects' command to see list of available projects in current workspace
10:55:49 INFO  : Result from executing command 'getProjects': 7Segment_display;AXI_7segment_display_APP;AXI_7segment_display_APP_system;RemoteSystemsTempFiles
10:55:49 ERROR : Failed to openhw "C:/PXL/devWorks/devWorks2/Custom_AXI_IP_7Segment/vitis/7Segment_display/export/7Segment_display/hw/7Segment_display.xsa"
Reason: C:/PXL/devWorks/devWorks2/Custom_AXI_IP_7Segment/vitis/7Segment_display/export/7Segment_display/hw/7Segment_display.xsa is not available in the current workspace
use 'getprojects' command to see list of available projects in current workspace
10:55:49 INFO  : Result from executing command 'getProjects': 7Segment_display;AXI_7segment_display_APP;AXI_7segment_display_APP_system;RemoteSystemsTempFiles
10:55:49 ERROR : Failed to openhw "C:/PXL/devWorks/devWorks2/Custom_AXI_IP_7Segment/vitis/7Segment_display/export/7Segment_display/hw/7Segment_display.xsa"
Reason: C:/PXL/devWorks/devWorks2/Custom_AXI_IP_7Segment/vitis/7Segment_display/export/7Segment_display/hw/7Segment_display.xsa is not available in the current workspace
use 'getprojects' command to see list of available projects in current workspace
10:57:46 INFO  : Checking for BSP changes to sync application flags for project 'AXI_7segment_display_APP'...
10:57:46 INFO  : Result from executing command 'getProjects': 7Segment_display;AXI_7segment_display_APP;AXI_7segment_display_APP_system;RemoteSystemsTempFiles
10:57:46 ERROR : Failed to openhw "C:/PXL/devWorks/devWorks2/Custom_AXI_IP_7Segment/vitis/7Segment_display/export/7Segment_display/hw/7Segment_display.xsa"
Reason: C:/PXL/devWorks/devWorks2/Custom_AXI_IP_7Segment/vitis/7Segment_display/export/7Segment_display/hw/7Segment_display.xsa is not available in the current workspace
use 'getprojects' command to see list of available projects in current workspace
10:57:46 ERROR : Failed to update application flags from BSP for 'AXI_7segment_display_APP'. Reason: null
java.lang.NullPointerException: null
	at com.xilinx.sdx.sw.internal.SDxSwPlatform.<init>(SDxSwPlatform.java:305) ~[com.xilinx.sdx.sw_1.0.0.202406140522.jar:?]
	at com.xilinx.sdx.sw.internal.SDxSwPlatform.create(SDxSwPlatform.java:214) ~[com.xilinx.sdx.sw_1.0.0.202406140522.jar:?]
	at com.xilinx.sdx.sdk.core.util.SdkPlatformHelper.getSwPlatform(SdkPlatformHelper.java:64) ~[com.xilinx.sdx.sdk.core_1.0.0.202406140522.jar:?]
	at com.xilinx.sdx.sdk.core.build.SdkMakefileGenerationListener.getSwPlatform(SdkMakefileGenerationListener.java:160) ~[com.xilinx.sdx.sdk.core_1.0.0.202406140522.jar:?]
	at com.xilinx.sdx.sdk.core.build.SdkMakefileGenerationListener.syncAppFlags(SdkMakefileGenerationListener.java:78) [com.xilinx.sdx.sdk.core_1.0.0.202406140522.jar:?]
	at com.xilinx.sdx.sdk.core.build.SdkMakefileGenerationListener.preMakefileGeneration(SdkMakefileGenerationListener.java:48) [com.xilinx.sdx.sdk.core_1.0.0.202406140522.jar:?]
	at com.xilinx.sdk.managedbuilder.XilinxGnuMakefileGenerator.notifyPreMakefileGenerationListeners(XilinxGnuMakefileGenerator.java:91) [com.xilinx.sdk.managedbuilder_1.0.0.202406140522.jar:?]
	at com.xilinx.sdk.managedbuilder.XilinxGnuMakefileGenerator.generateMakefiles(XilinxGnuMakefileGenerator.java:40) [com.xilinx.sdk.managedbuilder_1.0.0.202406140522.jar:?]
	at org.eclipse.cdt.managedbuilder.internal.core.CommonBuilder.performMakefileGeneration(CommonBuilder.java:1008) [org.eclipse.cdt.managedbuilder.core_8.6.0.201802261533.jar:?]
	at org.eclipse.cdt.managedbuilder.internal.core.CommonBuilder.performPrebuildGeneration(CommonBuilder.java:873) [org.eclipse.cdt.managedbuilder.core_8.6.0.201802261533.jar:?]
	at org.eclipse.cdt.managedbuilder.internal.core.CommonBuilder.build(CommonBuilder.java:748) [org.eclipse.cdt.managedbuilder.core_8.6.0.201802261533.jar:?]
	at org.eclipse.cdt.managedbuilder.internal.core.CommonBuilder.build(CommonBuilder.java:510) [org.eclipse.cdt.managedbuilder.core_8.6.0.201802261533.jar:?]
	at org.eclipse.cdt.managedbuilder.internal.core.CommonBuilder.build(CommonBuilder.java:459) [org.eclipse.cdt.managedbuilder.core_8.6.0.201802261533.jar:?]
	at org.eclipse.core.internal.events.BuildManager$2.run(BuildManager.java:832) [org.eclipse.core.resources_3.13.700.v20200209-1624.jar:?]
	at org.eclipse.core.runtime.SafeRunner.run(SafeRunner.java:45) [org.eclipse.equinox.common_3.11.0.v20200206-0817.jar:?]
	at org.eclipse.core.internal.events.BuildManager.basicBuild(BuildManager.java:220) [org.eclipse.core.resources_3.13.700.v20200209-1624.jar:?]
	at org.eclipse.core.internal.events.BuildManager.basicBuild(BuildManager.java:263) [org.eclipse.core.resources_3.13.700.v20200209-1624.jar:?]
	at org.eclipse.core.internal.events.BuildManager$1.run(BuildManager.java:316) [org.eclipse.core.resources_3.13.700.v20200209-1624.jar:?]
	at org.eclipse.core.runtime.SafeRunner.run(SafeRunner.java:45) [org.eclipse.equinox.common_3.11.0.v20200206-0817.jar:?]
	at org.eclipse.core.internal.events.BuildManager.basicBuild(BuildManager.java:319) [org.eclipse.core.resources_3.13.700.v20200209-1624.jar:?]
	at org.eclipse.core.internal.events.BuildManager.basicBuildLoop(BuildManager.java:371) [org.eclipse.core.resources_3.13.700.v20200209-1624.jar:?]
	at org.eclipse.core.internal.events.BuildManager.build(BuildManager.java:392) [org.eclipse.core.resources_3.13.700.v20200209-1624.jar:?]
	at org.eclipse.core.internal.resources.Workspace.buildInternal(Workspace.java:515) [org.eclipse.core.resources_3.13.700.v20200209-1624.jar:?]
	at org.eclipse.core.internal.resources.Workspace.build(Workspace.java:412) [org.eclipse.core.resources_3.13.700.v20200209-1624.jar:?]
	at org.eclipse.ui.actions.BuildAction$1.runInWorkspace(BuildAction.java:291) [org.eclipse.ui.ide_3.17.0.v20200217-1511.jar:?]
	at org.eclipse.core.internal.resources.InternalWorkspaceJob.run(InternalWorkspaceJob.java:42) [org.eclipse.core.resources_3.13.700.v20200209-1624.jar:?]
	at org.eclipse.core.internal.jobs.Worker.run(Worker.java:63) [org.eclipse.core.jobs_3.10.700.v20200106-1020.jar:?]
11:07:29 INFO  : Checking for BSP changes to sync application flags for project 'AXI_7segment_display_APP'...
11:07:29 INFO  : Result from executing command 'getProjects': 7Segment_display;AXI_7segment_display_APP;AXI_7segment_display_APP_system;RemoteSystemsTempFiles
11:07:29 ERROR : Failed to openhw "C:/PXL/devWorks/devWorks2/Custom_AXI_IP_7Segment/vitis/7Segment_display/export/7Segment_display/hw/7Segment_display.xsa"
Reason: C:/PXL/devWorks/devWorks2/Custom_AXI_IP_7Segment/vitis/7Segment_display/export/7Segment_display/hw/7Segment_display.xsa is not available in the current workspace
use 'getprojects' command to see list of available projects in current workspace
11:07:29 ERROR : Failed to update application flags from BSP for 'AXI_7segment_display_APP'. Reason: null
java.lang.NullPointerException: null
	at com.xilinx.sdx.sw.internal.SDxSwPlatform.<init>(SDxSwPlatform.java:305) ~[com.xilinx.sdx.sw_1.0.0.202406140522.jar:?]
	at com.xilinx.sdx.sw.internal.SDxSwPlatform.create(SDxSwPlatform.java:214) ~[com.xilinx.sdx.sw_1.0.0.202406140522.jar:?]
	at com.xilinx.sdx.sdk.core.util.SdkPlatformHelper.getSwPlatform(SdkPlatformHelper.java:64) ~[com.xilinx.sdx.sdk.core_1.0.0.202406140522.jar:?]
	at com.xilinx.sdx.sdk.core.build.SdkMakefileGenerationListener.getSwPlatform(SdkMakefileGenerationListener.java:160) ~[com.xilinx.sdx.sdk.core_1.0.0.202406140522.jar:?]
	at com.xilinx.sdx.sdk.core.build.SdkMakefileGenerationListener.syncAppFlags(SdkMakefileGenerationListener.java:78) [com.xilinx.sdx.sdk.core_1.0.0.202406140522.jar:?]
	at com.xilinx.sdx.sdk.core.build.SdkMakefileGenerationListener.preMakefileGeneration(SdkMakefileGenerationListener.java:48) [com.xilinx.sdx.sdk.core_1.0.0.202406140522.jar:?]
	at com.xilinx.sdk.managedbuilder.XilinxGnuMakefileGenerator.notifyPreMakefileGenerationListeners(XilinxGnuMakefileGenerator.java:91) [com.xilinx.sdk.managedbuilder_1.0.0.202406140522.jar:?]
	at com.xilinx.sdk.managedbuilder.XilinxGnuMakefileGenerator.generateMakefiles(XilinxGnuMakefileGenerator.java:40) [com.xilinx.sdk.managedbuilder_1.0.0.202406140522.jar:?]
	at org.eclipse.cdt.managedbuilder.internal.core.CommonBuilder.performMakefileGeneration(CommonBuilder.java:1008) [org.eclipse.cdt.managedbuilder.core_8.6.0.201802261533.jar:?]
	at org.eclipse.cdt.managedbuilder.internal.core.CommonBuilder.performPrebuildGeneration(CommonBuilder.java:873) [org.eclipse.cdt.managedbuilder.core_8.6.0.201802261533.jar:?]
	at org.eclipse.cdt.managedbuilder.internal.core.CommonBuilder.build(CommonBuilder.java:748) [org.eclipse.cdt.managedbuilder.core_8.6.0.201802261533.jar:?]
	at org.eclipse.cdt.managedbuilder.internal.core.CommonBuilder.build(CommonBuilder.java:510) [org.eclipse.cdt.managedbuilder.core_8.6.0.201802261533.jar:?]
	at org.eclipse.cdt.managedbuilder.internal.core.CommonBuilder.build(CommonBuilder.java:459) [org.eclipse.cdt.managedbuilder.core_8.6.0.201802261533.jar:?]
	at org.eclipse.core.internal.events.BuildManager$2.run(BuildManager.java:832) [org.eclipse.core.resources_3.13.700.v20200209-1624.jar:?]
	at org.eclipse.core.runtime.SafeRunner.run(SafeRunner.java:45) [org.eclipse.equinox.common_3.11.0.v20200206-0817.jar:?]
	at org.eclipse.core.internal.events.BuildManager.basicBuild(BuildManager.java:220) [org.eclipse.core.resources_3.13.700.v20200209-1624.jar:?]
	at org.eclipse.core.internal.events.BuildManager.basicBuild(BuildManager.java:263) [org.eclipse.core.resources_3.13.700.v20200209-1624.jar:?]
	at org.eclipse.core.internal.events.BuildManager$1.run(BuildManager.java:316) [org.eclipse.core.resources_3.13.700.v20200209-1624.jar:?]
	at org.eclipse.core.runtime.SafeRunner.run(SafeRunner.java:45) [org.eclipse.equinox.common_3.11.0.v20200206-0817.jar:?]
	at org.eclipse.core.internal.events.BuildManager.basicBuild(BuildManager.java:319) [org.eclipse.core.resources_3.13.700.v20200209-1624.jar:?]
	at org.eclipse.core.internal.events.BuildManager.basicBuildLoop(BuildManager.java:371) [org.eclipse.core.resources_3.13.700.v20200209-1624.jar:?]
	at org.eclipse.core.internal.events.BuildManager.build(BuildManager.java:392) [org.eclipse.core.resources_3.13.700.v20200209-1624.jar:?]
	at org.eclipse.core.internal.resources.Workspace.buildInternal(Workspace.java:515) [org.eclipse.core.resources_3.13.700.v20200209-1624.jar:?]
	at org.eclipse.core.internal.resources.Workspace.build(Workspace.java:412) [org.eclipse.core.resources_3.13.700.v20200209-1624.jar:?]
	at org.eclipse.ui.actions.BuildAction$1.runInWorkspace(BuildAction.java:291) [org.eclipse.ui.ide_3.17.0.v20200217-1511.jar:?]
	at org.eclipse.core.internal.resources.InternalWorkspaceJob.run(InternalWorkspaceJob.java:42) [org.eclipse.core.resources_3.13.700.v20200209-1624.jar:?]
	at org.eclipse.core.internal.jobs.Worker.run(Worker.java:63) [org.eclipse.core.jobs_3.10.700.v20200106-1020.jar:?]
11:09:29 INFO  : Result from executing command 'getProjects': 7Segment_display
11:09:29 INFO  : Result from executing command 'getPlatforms': 7Segment_display|C:/PXL/devWorks/devWorks2/Custom_AXI_IP_7Segment/vitis/7Segment_display/export/7Segment_display/7Segment_display.xpfm
11:09:37 INFO  : Checking for BSP changes to sync application flags for project 'AXI_7segment_display_APP'...
11:10:09 INFO  : Checking for BSP changes to sync application flags for project 'AXI_7segment_display_APP'...
