Nothing to build in platform 'design_1_wrapper'

10:23:29 **** Incremental Build of configuration Debug for project TIMERSOC_APP ****
make all 
make --no-print-directory pre-build
a9-linaro-pre-build-step
' '
make --no-print-directory main-build
'Building file: ../src/helloworld.c'
'Invoking: ARM v7 gcc compiler'
arm-none-eabi-gcc -Wall -O0 -g3 -c -fmessage-length=0 -MT"src/helloworld.o" -mcpu=cortex-a9 -mfpu=vfpv3 -mfloat-abi=hard -IC:/PXL/devWorks/devWorks2/TIMERSOC/Vitis/design_1_wrapper/export/design_1_wrapper/sw/design_1_wrapper/standalone_ps7_cortexa9_0/bspinclude/include -MMD -MP -MF"src/helloworld.d" -MT"src/helloworld.o" -o "src/helloworld.o" "../src/helloworld.c"
'Finished building: ../src/helloworld.c'
' '
'Building target: TIMERSOC_APP.elf'
'Invoking: ARM v7 gcc linker'
arm-none-eabi-gcc -mcpu=cortex-a9 -mfpu=vfpv3 -mfloat-abi=hard -Wl,-build-id=none -specs=Xilinx.spec -Wl,-T -Wl,../src/lscript.ld -LC:/PXL/devWorks/devWorks2/TIMERSOC/Vitis/design_1_wrapper/export/design_1_wrapper/sw/design_1_wrapper/standalone_ps7_cortexa9_0/bsplib/lib -o "TIMERSOC_APP.elf"  ./src/helloworld.o ./src/platform.o   -Wl,--start-group,-lxil,-lgcc,-lc,--end-group
'Finished building target: TIMERSOC_APP.elf'
' '
'Invoking: ARM v7 Print Size'
arm-none-eabi-size TIMERSOC_APP.elf  |tee "TIMERSOC_APP.elf.size"
   text	   data	    bss	    dec	    hex	filename
  58539	   3368	  22728	  84635	  14a9b	TIMERSOC_APP.elf
'Finished building: TIMERSOC_APP.elf.size'
' '
10:23:31 **** Incremental Build of configuration Debug for project TIMERSOC_APP_system ****
make all 
Generating bif file for the system project
generate_system_bif.bat 51054 C:/PXL/devWorks/devWorks2/TIMERSOC/Vitis/design_1_wrapper/export/design_1_wrapper/design_1_wrapper.xpfm standalone_ps7_cortexa9_0 C:/PXL/devWorks/devWorks2/TIMERSOC/Vitis/TIMERSOC_APP_system/Debug/system.bif
'\gnu\microblaze\lin\bin\' is not recognized as an internal or external command,
operable program or batch file.
'\gnu\microblaze\nt\bin\' is not recognized as an internal or external command,
operable program or batch file.
'\gnuwin\bin\' is not recognized as an internal or external command,
operable program or batch file.
sdcard_gen --xpfm C:/PXL/devWorks/devWorks2/TIMERSOC/Vitis/design_1_wrapper/export/design_1_wrapper/design_1_wrapper.xpfm --sys_config design_1_wrapper --bif C:/PXL/devWorks/devWorks2/TIMERSOC/Vitis/TIMERSOC_APP_system/Debug/system.bif --bitstream C:/PXL/devWorks/devWorks2/TIMERSOC/Vitis/TIMERSOC_APP/_ide/bitstream/design_1_wrapper.bit --elf C:/PXL/devWorks/devWorks2/TIMERSOC/Vitis/TIMERSOC_APP/Debug/TIMERSOC_APP.elf,ps7_cortexa9_0
creating BOOT.BIN using C:/PXL/devWorks/devWorks2/TIMERSOC/Vitis/TIMERSOC_APP/_ide/bitstream/design_1_wrapper.bit
Running C:/Xilinx/Vitis/2024.1/bin/bootgen  -image C:/PXL/devWorks/devWorks2/TIMERSOC/Vitis/TIMERSOC_APP_system/Debug/sd_card_temp/boot.bif -w -o i BOOT.BIN
