10:23:29 **** Incremental Build of configuration Debug for project TIMERSOC_APP ****
make all 
make --no-print-directory pre-build
a9-linaro-pre-build-step
' '
make --no-print-directory main-build
'Building file: ../src/helloworld.c'
'Invoking: ARM v7 gcc compiler'
arm-none-eabi-gcc -Wall -O0 -g3 -c -fmessage-length=0 -MT"src/helloworld.o" -mcpu=cortex-a9 -mfpu=vfpv3 -mfloat-abi=hard -IC:/PXL/devWorks/devWorks2/TIMERSOC/Vitis/design_1_wrapper/export/design_1_wrapper/sw/design_1_wrapper/standalone_ps7_cortexa9_0/bspinclude/include -MMD -MP -MF"src/helloworld.d" -MT"src/helloworld.o" -o "src/helloworld.o" "../src/helloworld.c"
'Finished building: ../src/helloworld.c'
' '
'Building target: TIMERSOC_APP.elf'
'Invoking: ARM v7 gcc linker'
arm-none-eabi-gcc -mcpu=cortex-a9 -mfpu=vfpv3 -mfloat-abi=hard -Wl,-build-id=none -specs=Xilinx.spec -Wl,-T -Wl,../src/lscript.ld -LC:/PXL/devWorks/devWorks2/TIMERSOC/Vitis/design_1_wrapper/export/design_1_wrapper/sw/design_1_wrapper/standalone_ps7_cortexa9_0/bsplib/lib -o "TIMERSOC_APP.elf"  ./src/helloworld.o ./src/platform.o   -Wl,--start-group,-lxil,-lgcc,-lc,--end-group
'Finished building target: TIMERSOC_APP.elf'
' '
'Invoking: ARM v7 Print Size'
arm-none-eabi-size TIMERSOC_APP.elf  |tee "TIMERSOC_APP.elf.size"
   text	   data	    bss	    dec	    hex	filename
  58539	   3368	  22728	  84635	  14a9b	TIMERSOC_APP.elf
'Finished building: TIMERSOC_APP.elf.size'
' '

10:23:30 Build Finished (took 1s.2ms)

