Nothing to build in platform 'HWSOC'

09:44:55 **** Build of configuration Debug for project HWSOC_App ****
make all 
make --no-print-directory pre-build
a9-linaro-pre-build-step
' '
make --no-print-directory main-build
'Building file: ../src/helloworld.c'
'Invoking: ARM v7 gcc compiler'
arm-none-eabi-gcc -Wall -O0 -g3 -c -fmessage-length=0 -MT"src/helloworld.o" -mcpu=cortex-a9 -mfpu=vfpv3 -mfloat-abi=hard -IC:/devWorks/devWorks2/HWSOC/Vitis/HWSOC/export/HWSOC/sw/HWSOC/standalone_ps7_cortexa9_0/bspinclude/include -MMD -MP -MF"src/helloworld.d" -MT"src/helloworld.o" -o "src/helloworld.o" "../src/helloworld.c"
'Finished building: ../src/helloworld.c'
' '
'Building file: ../src/platform.c'
'Invoking: ARM v7 gcc compiler'
arm-none-eabi-gcc -Wall -O0 -g3 -c -fmessage-length=0 -MT"src/platform.o" -mcpu=cortex-a9 -mfpu=vfpv3 -mfloat-abi=hard -IC:/devWorks/devWorks2/HWSOC/Vitis/HWSOC/export/HWSOC/sw/HWSOC/standalone_ps7_cortexa9_0/bspinclude/include -MMD -MP -MF"src/platform.d" -MT"src/platform.o" -o "src/platform.o" "../src/platform.c"
'Finished building: ../src/platform.c'
' '
'Building target: HWSOC_App.elf'
'Invoking: ARM v7 gcc linker'
arm-none-eabi-gcc -mcpu=cortex-a9 -mfpu=vfpv3 -mfloat-abi=hard -Wl,-build-id=none -specs=Xilinx.spec -Wl,-T -Wl,../src/lscript.ld -LC:/devWorks/devWorks2/HWSOC/Vitis/HWSOC/export/HWSOC/sw/HWSOC/standalone_ps7_cortexa9_0/bsplib/lib -o "HWSOC_App.elf"  ./src/helloworld.o ./src/platform.o   -Wl,--start-group,-lxil,-lgcc,-lc,--end-group
'Finished building target: HWSOC_App.elf'
' '
'Invoking: ARM v7 Print Size'
arm-none-eabi-size HWSOC_App.elf  |tee "HWSOC_App.elf.size"
   text	   data	    bss	    dec	    hex	filename
  19128	   1144	  22568	  42840	   a758	HWSOC_App.elf
'Finished building: HWSOC_App.elf.size'
' '
