#-----------------------------------------------------------
# Vivado v2024.1.2 (64-bit)
# SW Build 5164865 on Thu Sep  5 14:37:11 MDT 2024
# IP Build 5164407 on Fri Sep  6 08:18:11 MDT 2024
# SharedData Build 5164864 on Thu Sep 05 13:09:09 MDT 2024
# Start of session at: Mon May  5 09:19:55 2025
# Process ID: 3140
# Current directory: C:/PXL/devWorks/devWorks2/ILA_DEMO/ILA_DEMO.runs/synth_1
# Command line: vivado.exe -log design_1_wrapper.vds -product Vivado -mode batch -messageDb vivado.pb -notrace -source design_1_wrapper.tcl
# Log file: C:/PXL/devWorks/devWorks2/ILA_DEMO/ILA_DEMO.runs/synth_1/design_1_wrapper.vds
# Journal file: C:/PXL/devWorks/devWorks2/ILA_DEMO/ILA_DEMO.runs/synth_1\vivado.jou
# Running On        :Bowen-Laptop
# Platform          :Windows Server 2016 or Windows 10
# Operating System  :26100
# Processor Detail  :Snapdragon(R) X Plus - X1P42100 - Qualcomm(R) Oryon(TM) CPU
# CPU Frequency     :2976 MHz
# CPU Physical cores:8
# CPU Logical cores :8
# Host memory       :16759 MB
# Swap memory       :1706 MB
# Total Virtual     :18465 MB
# Available Virtual :5353 MB
#-----------------------------------------------------------
source design_1_wrapper.tcl -notrace
