Nothing to build in platform 'ExamenSoC'

10:44:05 **** Incremental Build of configuration Debug for project ExamenSoc_APP ****
make all 
make --no-print-directory pre-build
a9-linaro-pre-build-step
' '
make --no-print-directory main-build
'Building file: ../src/helloworld.c'
'Invoking: ARM v7 gcc compiler'
arm-none-eabi-gcc -Wall -O0 -g3 -c -fmessage-length=0 -MT"src/helloworld.o" -mcpu=cortex-a9 -mfpu=vfpv3 -mfloat-abi=hard -IC:/PXL/devWorks/devWorks2/Examen/ExamenSoC/export/ExamenSoC/sw/ExamenSoC/standalone_ps7_cortexa9_0/bspinclude/include -MMD -MP -MF"src/helloworld.d" -MT"src/helloworld.o" -o "src/helloworld.o" "../src/helloworld.c"
'Finished building: ../src/helloworld.c'
' '
'Building target: ExamenSoc_APP.elf'
'Invoking: ARM v7 gcc linker'
arm-none-eabi-gcc -mcpu=cortex-a9 -mfpu=vfpv3 -mfloat-abi=hard -Wl,-build-id=none -specs=Xilinx.spec -Wl,-T -Wl,../src/lscript.ld -LC:/PXL/devWorks/devWorks2/Examen/ExamenSoC/export/ExamenSoC/sw/ExamenSoC/standalone_ps7_cortexa9_0/bsplib/lib -o "ExamenSoc_APP.elf"  ./src/helloworld.o ./src/platform.o   -Wl,--start-group,-lxil,-lgcc,-lc,--end-group
'Finished building target: ExamenSoc_APP.elf'
' '
'Invoking: ARM v7 Print Size'
arm-none-eabi-size ExamenSoc_APP.elf  |tee "ExamenSoc_APP.elf.size"
   text	   data	    bss	    dec	    hex	filename
  20918	   1176	  22616	  44710	   aea6	ExamenSoc_APP.elf
'Finished building: ExamenSoc_APP.elf.size'
' '
